2026-09-24 23:03:59 - veriaguide - INFO - logging_config - setup_logging:113 - Logging configured with level: DEBUG
2026-09-24 23:05:04 - veriaguide - INFO - logging_config - setup_logging:113 - Logging configured with level: DEBUG
2026-09-24 23:05:17 - veriaguide - INFO - logging_config - setup_logging:113 - Logging configured with level: DEBUG
2026-09-24 23:05:17 - veriaguide - INFO - main - startup_event:162 - Starting VeriaGuide v1.0.0
2026-09-24 23:05:17 - veriaguide - ERROR - main - startup_event:167 - Configuration validation failed: ['GOOGLE_MAPS_API_KEY is not set']
2026-09-24 23:05:17 - veriaguide - ERROR - main - startup_event:169 -   - GOOGLE_MAPS_API_KEY is not set
2026-09-24 23:05:17 - veriaguide - WARNING - main - startup_event:173 - Configuration warning: DEBUG is enabled in non-testing environment
2026-09-24 23:05:17 - veriaguide - INFO - main - startup_event:175 - Environment: DevelopmentConfig
2026-09-24 23:05:17 - veriaguide - WARNING - main - startup_event:182 - ⚠️ Redis connection failed - caching will be disabled
2026-09-24 23:05:17 - veriaguide - INFO - main - startup_event:186 - HTTP service initialized: {'general_client': None, 'wp_client': None}
2026-09-24 23:05:17 - veriaguide - WARNING - main - startup_event:193 - Skipping cache warming - Redis not available
2026-09-24 23:05:47 - veriaguide - INFO - logging_config - setup_logging:113 - Logging configured with level: DEBUG
2026-09-24 23:05:48 - veriaguide - INFO - main - startup_event:162 - Starting VeriaGuide v1.0.0
2026-09-24 23:05:48 - veriaguide - ERROR - main - startup_event:167 - Configuration validation failed: ['GOOGLE_MAPS_API_KEY is not set']
2026-09-24 23:05:48 - veriaguide - ERROR - main - startup_event:169 -   - GOOGLE_MAPS_API_KEY is not set
2026-09-24 23:05:48 - veriaguide - WARNING - main - startup_event:173 - Configuration warning: DEBUG is enabled in non-testing environment
2026-09-24 23:05:48 - veriaguide - INFO - main - startup_event:175 - Environment: DevelopmentConfig
2026-09-24 23:05:48 - veriaguide - WARNING - main - startup_event:182 - ⚠️ Redis connection failed - caching will be disabled
2026-09-24 23:05:48 - veriaguide - INFO - main - startup_event:186 - HTTP service initialized: {'general_client': None, 'wp_client': None}
2026-09-24 23:05:48 - veriaguide - WARNING - main - startup_event:193 - Skipping cache warming - Redis not available
2026-09-24 23:06:26 - veriaguide - INFO - main - religious_sites_list:507 - Religious sites request with filters: city=None, affiliation=None, site_type=None, rating=any
2026-09-24 23:08:05 - veriaguide - INFO - main - museums_list:358 - Museums request with filters: city=None, museum_type=None, rating=any
2026-09-24 23:08:53 - veriaguide - INFO - main - shutdown_event:198 - Shutting down application...
2026-09-24 23:08:53 - veriaguide - INFO - main - shutdown_event:203 - 🔌 All connections closed
2026-09-24 23:08:54 - veriaguide - INFO - logging_config - setup_logging:113 - Logging configured with level: DEBUG
2026-09-24 23:08:54 - veriaguide - INFO - main - startup_event:162 - Starting VeriaGuide v1.0.0
2026-09-24 23:08:54 - veriaguide - ERROR - main - startup_event:167 - Configuration validation failed: ['GOOGLE_MAPS_API_KEY is not set']
2026-09-24 23:08:54 - veriaguide - ERROR - main - startup_event:169 -   - GOOGLE_MAPS_API_KEY is not set
2026-09-24 23:08:54 - veriaguide - WARNING - main - startup_event:173 - Configuration warning: DEBUG is enabled in non-testing environment
2026-09-24 23:08:54 - veriaguide - INFO - main - startup_event:175 - Environment: DevelopmentConfig
2026-09-24 23:08:54 - veriaguide - WARNING - main - startup_event:182 - ⚠️ Redis connection failed - caching will be disabled
2026-09-24 23:08:54 - veriaguide - INFO - main - startup_event:186 - HTTP service initialized: {'general_client': None, 'wp_client': None}
2026-09-24 23:08:54 - veriaguide - WARNING - main - startup_event:193 - Skipping cache warming - Redis not available
2026-09-24 23:08:59 - veriaguide - INFO - main - shutdown_event:198 - Shutting down application...
2026-09-24 23:08:59 - veriaguide - INFO - main - shutdown_event:203 - 🔌 All connections closed
2026-09-24 23:08:59 - veriaguide - INFO - logging_config - setup_logging:113 - Logging configured with level: DEBUG
2026-09-24 23:08:59 - veriaguide - INFO - main - startup_event:162 - Starting VeriaGuide v1.0.0
2026-09-24 23:08:59 - veriaguide - ERROR - main - startup_event:167 - Configuration validation failed: ['GOOGLE_MAPS_API_KEY is not set']
2026-09-24 23:08:59 - veriaguide - ERROR - main - startup_event:169 -   - GOOGLE_MAPS_API_KEY is not set
2026-09-24 23:08:59 - veriaguide - WARNING - main - startup_event:173 - Configuration warning: DEBUG is enabled in non-testing environment
2026-09-24 23:08:59 - veriaguide - INFO - main - startup_event:175 - Environment: DevelopmentConfig
2026-09-24 23:08:59 - veriaguide - WARNING - main - startup_event:182 - ⚠️ Redis connection failed - caching will be disabled
2026-09-24 23:08:59 - veriaguide - INFO - main - startup_event:186 - HTTP service initialized: {'general_client': None, 'wp_client': None}
2026-09-24 23:08:59 - veriaguide - WARNING - main - startup_event:193 - Skipping cache warming - Redis not available
2026-09-24 23:11:47 - veriaguide - INFO - main - shutdown_event:198 - Shutting down application...
2026-09-24 23:11:47 - veriaguide - INFO - main - shutdown_event:203 - 🔌 All connections closed
2026-09-24 23:11:47 - veriaguide - INFO - logging_config - setup_logging:113 - Logging configured with level: DEBUG
2026-09-24 23:11:47 - veriaguide - INFO - main - startup_event:162 - Starting VeriaGuide v1.0.0
2026-09-24 23:11:47 - veriaguide - ERROR - main - startup_event:167 - Configuration validation failed: ['GOOGLE_MAPS_API_KEY is not set']
2026-09-24 23:11:47 - veriaguide - ERROR - main - startup_event:169 -   - GOOGLE_MAPS_API_KEY is not set
2026-09-24 23:11:47 - veriaguide - WARNING - main - startup_event:173 - Configuration warning: DEBUG is enabled in non-testing environment
2026-09-24 23:11:47 - veriaguide - INFO - main - startup_event:175 - Environment: DevelopmentConfig
2026-09-24 23:11:47 - veriaguide - WARNING - main - startup_event:182 - ⚠️ Redis connection failed - caching will be disabled
2026-09-24 23:11:47 - veriaguide - INFO - main - startup_event:186 - HTTP service initialized: {'general_client': None, 'wp_client': None}
2026-09-24 23:11:47 - veriaguide - WARNING - main - startup_event:193 - Skipping cache warming - Redis not available
